should match snapshot of default values:
  1: |
    apiVersion: apps/v1
    kind: Deployment
    metadata:
      labels:
        app.kubernetes.io/instance: RELEASE-NAME
        app.kubernetes.io/managed-by: Helm
        app.kubernetes.io/name: external-secrets
<<<<<<< HEAD
<<<<<<< HEAD
        app.kubernetes.io/version: v0.9.15-2
        helm.sh/chart: external-secrets-0.9.15-2
            app.kubernetes.io/version: v0.9.15-2
            helm.sh/chart: external-secrets-0.9.15-2
=======
        app.kubernetes.io/version: v0.9.16
        helm.sh/chart: external-secrets-0.9.16
=======
        app.kubernetes.io/version: v0.9.19
        helm.sh/chart: external-secrets-0.9.19
>>>>>>> 33731e1296b074f8bb3935a6f151154ea367b83f
      name: RELEASE-NAME-external-secrets
      namespace: NAMESPACE
    spec:
      replicas: 1
      revisionHistoryLimit: 10
      selector:
        matchLabels:
          app.kubernetes.io/instance: RELEASE-NAME
          app.kubernetes.io/name: external-secrets
      template:
        metadata:
          labels:
            app.kubernetes.io/instance: RELEASE-NAME
            app.kubernetes.io/managed-by: Helm
            app.kubernetes.io/name: external-secrets
<<<<<<< HEAD
            app.kubernetes.io/version: v0.9.16
            helm.sh/chart: external-secrets-0.9.16
>>>>>>> f1d4cd8a8b20f4ef44091e0dff4371c4c5ebb8fd
=======
            app.kubernetes.io/version: v0.9.19
            helm.sh/chart: external-secrets-0.9.19
>>>>>>> 33731e1296b074f8bb3935a6f151154ea367b83f
        spec:
          automountServiceAccountToken: true
          containers:
            - args:
                - --concurrent=1
                - --metrics-addr=:8080
              image: ghcr.io/external-secrets/external-secrets:v0.9.19
              imagePullPolicy: IfNotPresent
              name: external-secrets
              ports:
                - containerPort: 8080
                  name: metrics
                  protocol: TCP
              securityContext:
                allowPrivilegeEscalation: false
                capabilities:
                  drop:
                    - ALL
                readOnlyRootFilesystem: true
                runAsNonRoot: true
                runAsUser: 1000
                seccompProfile:
                  type: RuntimeDefault
          dnsPolicy: ClusterFirst
          hostNetwork: false
          serviceAccountName: RELEASE-NAME-external-secrets
